[0;32m[TEST][0m Starting APK Privacy Test Harness Execution
[0;32m[TEST][0m Version: 3.0.0-loop3
[0;32m[TEST][0m Working directory: /Users/dubs/apk-privacy-test-20260803-195530
[0;32m[TEST][0m Running pre-flight checks...
[0;31m[ERROR][0m adb: NOT FOUND (required)
[0;32m[TEST][0m mitmweb: /opt/homebrew/bin/mitmweb
[0;31m[ERROR][0m docker: NOT FOUND (required)
[0;32m[TEST][0m git: /usr/bin/git
[1;33m[WARN][0m jadx: NOT FOUND (optional)
[1;33m[WARN][0m objection: NOT FOUND (optional)
[1;33m[WARN][0m Some required tools are missing. Running in BEST_EFFORT mode.
[0;32m[TEST][0m Testing Nurture Lock (native)...
[0;32m[TEST][0m [Nurture Lock] Starting native Android test...
scripts/run-tests.sh: line 136: adb: command not found
[1;33m[WARN][0m [Nurture Lock] App not installed: com.angry.shark.studio.nurturelock
[0;32m[TEST][0m Testing Nubo (native)...
[0;32m[TEST][0m [Nubo] Starting native Android test...
scripts/run-tests.sh: line 136: adb: command not found
[1;33m[WARN][0m [Nubo] App not installed: 
[0;32m[TEST][0m Testing Pebbi (native)...
[0;32m[TEST][0m [Pebbi] Starting native Android test...
scripts/run-tests.sh: line 136: adb: command not found
[1;33m[WARN][0m [Pebbi] App not installed: 
[0;32m[TEST][0m Testing Baby Buddy (foss)...
[0;32m[TEST][0m [Baby Buddy] Starting FOSS/web test...
[0;32m[TEST][0m [Baby Buddy] Cloning repository...
[0;32m[TEST][0m [Baby Buddy] Repository cloned successfully
[0;32m[TEST][0m [Baby Buddy] Commit: 16b8848c7bc2031fc5936f8da89c8056ec5624d2
[0;32m[TEST][0m [Baby Buddy] Auditing source code...
[0;32m[TEST][0m [Baby Buddy] Found 2530 network references, 18 tracker references
[0;32m[TEST][0m [Baby Buddy] Found requirements.txt
[0;32m[TEST][0m [Baby Buddy] Found package.json
[0;32m[TEST][0m [Baby Buddy] Test completed
[0;32m[TEST][0m Generating summary...
[0;32m[TEST][0m Test execution complete
[0;32m[TEST][0m Results: /Users/dubs/apk-privacy-test-20260803-195530/results
[0;32m[TEST][0m Artifacts: /Users/dubs/apk-privacy-test-20260803-195530/artifacts
