[0;32m[TEST][0m Starting APK Privacy Test Harness Execution
[0;32m[TEST][0m Version: 3.0.0-loop3
[0;32m[TEST][0m Working directory: /Users/dubs/apk-privacy-test-20260803-201401
[0;32m[TEST][0m Running pre-flight checks...
[0;32m[TEST][0m adb: /opt/homebrew/bin/adb
[0;32m[TEST][0m mitmweb: /opt/homebrew/bin/mitmweb
[0;31m[ERROR][0m docker: NOT FOUND (required)
[0;32m[TEST][0m git: /usr/bin/git
[0;32m[TEST][0m jq: /opt/homebrew/bin/jq
[0;32m[TEST][0m jadx: /opt/homebrew/bin/jadx
[0;32m[TEST][0m objection: /Users/dubs/.local/bin/objection
[1;33m[WARN][0m Some required tools are missing. Running in BEST_EFFORT mode.
[0;32m[TEST][0m Testing Nurture Lock (native)...
[0;32m[TEST][0m [Nurture Lock] Starting native Android test...
* daemon not running; starting now at tcp:5037
* daemon started successfully
adb: no devices/emulators found
[1;33m[WARN][0m [Nurture Lock] App not installed: com.angry.shark.studio.nurturelock
[0;32m[TEST][0m Testing Nubo (native)...
[0;32m[TEST][0m [Nubo] Starting native Android test...
adb: no devices/emulators found
[1;33m[WARN][0m [Nubo] App not installed: 
[0;32m[TEST][0m Testing Pebbi (native)...
[0;32m[TEST][0m [Pebbi] Starting native Android test...
adb: no devices/emulators found
[1;33m[WARN][0m [Pebbi] App not installed: 
[0;32m[TEST][0m Testing Baby Buddy (foss)...
[0;32m[TEST][0m [Baby Buddy] Starting FOSS/web test...
[0;32m[TEST][0m [Baby Buddy] Cloning repository...
[0;32m[TEST][0m [Baby Buddy] Repository cloned successfully
[0;32m[TEST][0m [Baby Buddy] Commit: 16b8848c7bc2031fc5936f8da89c8056ec5624d2
[0;32m[TEST][0m [Baby Buddy] Auditing source code...
[0;32m[TEST][0m [Baby Buddy] Found 67 network references, 2 tracker references
[0;32m[TEST][0m [Baby Buddy] Found requirements.txt
[0;32m[TEST][0m [Baby Buddy] Found package.json
[0;32m[TEST][0m [Baby Buddy] Test completed
[0;32m[TEST][0m Generating summary...
[0;32m[TEST][0m Test execution complete
[0;32m[TEST][0m Results: /Users/dubs/apk-privacy-test-20260803-201401/results
[0;32m[TEST][0m Artifacts: /Users/dubs/apk-privacy-test-20260803-201401/artifacts
[CLEANUP] Cleaning up...
[CLEANUP] Removed cloned repositories
[CLEANUP] Complete. Exit code: 0
